Generating visualization...
[Service] Trying visualization with model: gemini-2.0-flash
node : [Service] 
Model 
gemini-2.0-flash 
failed: 
[GoogleGenerativeAI 
Error]: Error 
fetching from https:/
/generativelanguage.g
oogleapis.com/v1beta/
models/gemini-2.5-flash
sh:generateContent: 
[400 Bad Request] 
Provided image is 
not valid.
At line:1 char:1
+ node server/test-vi
sualizer-direct.js > 
test_output.txt 2>&1
+ ~~~~~~~~~~~~~~~~~~~
~~~~~~~~~~~~~~~~~~~~~
~~~~~~~~~~~~~~~~~~~~
    + CategoryInfo   
           : NotSpe  
  cified: ([Servic   
 e] Model...e is     
not valid.:Strin    
g) [], RemoteExc    
eption
    + FullyQualified 
   ErrorId : Native  
  CommandError
 
[Service] Trying visualization with model: gemini-1.5-flash
[Service] Model 
gemini-1.5-flash 
failed: 
[GoogleGenerativeAI 
Error]: Error 
fetching from https:/
/generativelanguage.g
oogleapis.com/v1beta/
models/gemini-1.5-fla
sh:generateContent: 
[404 Not Found] model
s/gemini-1.5-flash 
is not found for API 
version v1beta, or 
is not supported for 
generateContent. 
Call ListModels to 
see the list of 
available models and 
their supported 
methods.
[Service] Trying visualization with model: gemini-2.0-pro-exp-02-05
[Service] Model gemin
i-2.0-pro-exp-02-05 
failed: 
[GoogleGenerativeAI 
Error]: Error 
fetching from https:/
/generativelanguage.g
oogleapis.com/v1beta/
models/gemini-2.0-pro
-exp-02-05:generateCo
ntent: [404 Not 
Found] models/gemini-
2.0-pro-exp-02-05 is 
not found for API 
version v1beta, or 
is not supported for 
generateContent. 
Call ListModels to 
see the list of 
available models and 
their supported 
methods.
Test Failed: Failed 
to visualize tiles. 
[GoogleGenerativeAI 
Error]: Error 
fetching from https:/
/generativelanguage.g
oogleapis.com/v1beta/
models/gemini-2.0-pro
-exp-02-05:generateCo
ntent: [404 Not 
Found] models/gemini-
2.0-pro-exp-02-05 is 
not found for API 
version v1beta, or 
is not supported for 
generateContent. 
Call ListModels to 
see the list of 
available models and 
their supported 
methods.
